// Jest Snapshot v1, https://goo.gl/fbAQLP

exports[`Pruebas en <GifGridItem/> Debe mostrar <GifGridItem /> correctamente  1`] = `
<div
  className="card animate__animated animate__fadeIn"
>
  <img
    alt="Titulo Test"
    src="https://localhost.com/imagen.png"
  />
  <p>
    Titulo Test
  </p>
</div>
`;
