// Jest Snapshot v1, https://goo.gl/fbAQLP

exports[`Pruebas en <HomeScree/> Debe de mostrarse correctamente 1`] = `
<div>
  <h1>
    HomeScreen
  </h1>
  <hr />
  <pre>
    {
   "name": "Andres",
   "email": "jvandres247@gmail.com"
}
  </pre>
</div>
`;
